app/courses/instructor/[id]/content/page.tsx(22,58): error TS2307: Cannot find module '@/components/ui/card' or its corresponding type declarations.
app/courses/instructor/[id]/content/page.tsx(23,24): error TS2307: Cannot find module '@/components/ui/button' or its corresponding type declarations.
app/courses/instructor/[id]/content/page.tsx(24,23): error TS2307: Cannot find module '@/components/ui/input' or its corresponding type declarations.
app/courses/instructor/[id]/content/page.tsx(25,26): error TS2307: Cannot find module '@/components/ui/textarea' or its corresponding type declarations.
app/courses/instructor/[id]/content/page.tsx(26,66): error TS2307: Cannot find module '@/components/ui/dialog' or its corresponding type declarations.
app/courses/instructor/[id]/content/page.tsx(27,23): error TS2307: Cannot find module '@/components/ui/label' or its corresponding type declarations.
app/courses/instructor/[id]/content/page.tsx(29,23): error TS2307: Cannot find module '@/components/ui/badge' or its corresponding type declarations.
app/courses/instructor/[id]/content/page.tsx(30,79): error TS2307: Cannot find module '@/components/ui/select' or its corresponding type declarations.
app/courses/instructor/[id]/content/page.tsx(31,58): error TS2307: Cannot find module '@/components/ui/tabs' or its corresponding type declarations.
app/courses/instructor/[id]/content/page.tsx(32,37): error TS2307: Cannot find module '@/components/courses/QuizCSVImportDialog' or its corresponding type declarations.
app/courses/instructor/[id]/content/page.tsx(114,5): error TS17004: Cannot use JSX unless the '--jsx' flag is provided.
app/courses/instructor/[id]/content/page.tsx(115,7): error TS17004: Cannot use JSX unless the '--jsx' flag is provided.
app/courses/instructor/[id]/content/page.tsx(116,9): error TS17004: Cannot use JSX unless the '--jsx' flag is provided.
app/courses/instructor/[id]/content/page.tsx(117,11): error TS17004: Cannot use JSX unless the '--jsx' flag is provided.
app/courses/instructor/[id]/content/page.tsx(504,5): error TS17004: Cannot use JSX unless the '--jsx' flag is provided.
app/courses/instructor/[id]/content/page.tsx(506,7): error TS17004: Cannot use JSX unless the '--jsx' flag is provided.
app/courses/instructor/[id]/content/page.tsx(514,7): error TS17004: Cannot use JSX unless the '--jsx' flag is provided.
app/courses/instructor/[id]/content/page.tsx(540,7): error TS17004: Cannot use JSX unless the '--jsx' flag is provided.
app/courses/instructor/[id]/content/page.tsx(541,9): error TS17004: Cannot use JSX unless the '--jsx' flag is provided.
app/courses/instructor/[id]/content/page.tsx(542,11): error TS17004: Cannot use JSX unless the '--jsx' flag is provided.
app/courses/instructor/[id]/content/page.tsx(543,11): error TS17004: Cannot use JSX unless the '--jsx' flag is provided.
app/courses/instructor/[id]/content/page.tsx(545,9): error TS17004: Cannot use JSX unless the '--jsx' flag is provided.
app/courses/instructor/[id]/content/page.tsx(546,11): error TS17004: Cannot use JSX unless the '--jsx' flag is provided.
app/courses/instructor/[id]/content/page.tsx(547,25): error TS17004: Cannot use JSX unless the '--jsx' flag is provided.
app/courses/instructor/[id]/content/page.tsx(547,72): error TS17004: Cannot use JSX unless the '--jsx' flag is provided.
app/courses/instructor/[id]/content/page.tsx(550,11): error TS17004: Cannot use JSX unless the '--jsx' flag is provided.
app/courses/instructor/[id]/content/page.tsx(551,13): error TS17004: Cannot use JSX unless the '--jsx' flag is provided.
app/courses/instructor/[id]/content/page.tsx(558,9): error TS17004: Cannot use JSX unless the '--jsx' flag is provided.
app/courses/instructor/[id]/content/page.tsx(559,11): error TS17004: Cannot use JSX unless the '--jsx' flag is provided.
app/courses/instructor/[id]/content/page.tsx(560,11): error TS17004: Cannot use JSX unless the '--jsx' flag is provided.
app/courses/instructor/[id]/content/page.tsx(563,9): error TS17004: Cannot use JSX unless the '--jsx' flag is provided.
app/courses/instructor/[id]/content/page.tsx(564,11): error TS17004: Cannot use JSX unless the '--jsx' flag is provided.
app/courses/instructor/[id]/content/page.tsx(565,13): error TS17004: Cannot use JSX unless the '--jsx' flag is provided.
app/courses/instructor/[id]/content/page.tsx(567,11): error TS17004: Cannot use JSX unless the '--jsx' flag is provided.
app/courses/instructor/[id]/content/page.tsx(568,13): error TS17004: Cannot use JSX unless the '--jsx' flag is provided.
app/courses/instructor/[id]/content/page.tsx(569,13): error TS17004: Cannot use JSX unless the '--jsx' flag is provided.
app/courses/instructor/[id]/content/page.tsx(573,11): error TS17004: Cannot use JSX unless the '--jsx' flag is provided.
app/courses/instructor/[id]/content/page.tsx(574,13): error TS17004: Cannot use JSX unless the '--jsx' flag is provided.
app/courses/instructor/[id]/content/page.tsx(579,9): error TS17004: Cannot use JSX unless the '--jsx' flag is provided.
app/courses/instructor/[id]/content/page.tsx(580,11): error TS17004: Cannot use JSX unless the '--jsx' flag is provided.
app/courses/instructor/[id]/content/page.tsx(581,13): error TS17004: Cannot use JSX unless the '--jsx' flag is provided.
app/courses/instructor/[id]/content/page.tsx(583,17): error TS17004: Cannot use JSX unless the '--jsx' flag is provided.
app/courses/instructor/[id]/content/page.tsx(584,19): error TS17004: Cannot use JSX unless the '--jsx' flag is provided.
app/courses/instructor/[id]/content/page.tsx(585,21): error TS17004: Cannot use JSX unless the '--jsx' flag is provided.
app/courses/instructor/[id]/content/page.tsx(586,23): error TS17004: Cannot use JSX unless the '--jsx' flag is provided.
app/courses/instructor/[id]/content/page.tsx(587,25): error TS17004: Cannot use JSX unless the '--jsx' flag is provided.
app/courses/instructor/[id]/content/page.tsx(588,27): error TS17004: Cannot use JSX unless the '--jsx' flag is provided.
app/courses/instructor/[id]/content/page.tsx(594,31): error TS17004: Cannot use JSX unless the '--jsx' flag is provided.
app/courses/instructor/[id]/content/page.tsx(596,31): error TS17004: Cannot use JSX unless the '--jsx' flag is provided.
app/courses/instructor/[id]/content/page.tsx(599,27): error TS17004: Cannot use JSX unless the '--jsx' flag is provided.
app/courses/instructor/[id]/content/page.tsx(600,29): error TS17004: Cannot use JSX unless the '--jsx' flag is provided.
app/courses/instructor/[id]/content/page.tsx(601,31): error TS17004: Cannot use JSX unless the '--jsx' flag is provided.
app/courses/instructor/[id]/content/page.tsx(603,33): error TS17004: Cannot use JSX unless the '--jsx' flag is provided.
app/courses/instructor/[id]/content/page.tsx(604,35): error TS17004: Cannot use JSX unless the '--jsx' flag is provided.
app/courses/instructor/[id]/content/page.tsx(609,29): error TS17004: Cannot use JSX unless the '--jsx' flag is provided.
app/courses/instructor/[id]/content/page.tsx(611,27): error TS17004: Cannot use JSX unless the '--jsx' flag is provided.
app/courses/instructor/[id]/content/page.tsx(613,25): error TS17004: Cannot use JSX unless the '--jsx' flag is provided.
app/courses/instructor/[id]/content/page.tsx(614,27): error TS17004: Cannot use JSX unless the '--jsx' flag is provided.
app/courses/instructor/[id]/content/page.tsx(622,29): error TS17004: Cannot use JSX unless the '--jsx' flag is provided.
app/courses/instructor/[id]/content/page.tsx(624,27): error TS17004: Cannot use JSX unless the '--jsx' flag is provided.
app/courses/instructor/[id]/content/page.tsx(629,29): error TS17004: Cannot use JSX unless the '--jsx' flag is provided.
app/courses/instructor/[id]/content/page.tsx(631,27): error TS17004: Cannot use JSX unless the '--jsx' flag is provided.
app/courses/instructor/[id]/content/page.tsx(636,29): error TS17004: Cannot use JSX unless the '--jsx' flag is provided.
app/courses/instructor/[id]/content/page.tsx(643,23): error TS17004: Cannot use JSX unless the '--jsx' flag is provided.
app/courses/instructor/[id]/content/page.tsx(644,25): error TS17004: Cannot use JSX unless the '--jsx' flag is provided.
app/courses/instructor/[id]/content/page.tsx(649,27): error TS17004: Cannot use JSX unless the '--jsx' flag is provided.
app/courses/instructor/[id]/content/page.tsx(653,29): error TS17004: Cannot use JSX unless the '--jsx' flag is provided.
app/courses/instructor/[id]/content/page.tsx(655,33): error TS17004: Cannot use JSX unless the '--jsx' flag is provided.
app/courses/instructor/[id]/content/page.tsx(656,35): error TS17004: Cannot use JSX unless the '--jsx' flag is provided.
app/courses/instructor/[id]/content/page.tsx(657,37): error TS17004: Cannot use JSX unless the '--jsx' flag is provided.
app/courses/instructor/[id]/content/page.tsx(658,39): error TS17004: Cannot use JSX unless the '--jsx' flag is provided.
app/courses/instructor/[id]/content/page.tsx(659,41): error TS17004: Cannot use JSX unless the '--jsx' flag is provided.
app/courses/instructor/[id]/content/page.tsx(660,43): error TS17004: Cannot use JSX unless the '--jsx' flag is provided.
app/courses/instructor/[id]/content/page.tsx(666,47): error TS17004: Cannot use JSX unless the '--jsx' flag is provided.
app/courses/instructor/[id]/content/page.tsx(668,47): error TS17004: Cannot use JSX unless the '--jsx' flag is provided.
app/courses/instructor/[id]/content/page.tsx(671,43): error TS17004: Cannot use JSX unless the '--jsx' flag is provided.
app/courses/instructor/[id]/content/page.tsx(672,45): error TS17004: Cannot use JSX unless the '--jsx' flag is provided.
app/courses/instructor/[id]/content/page.tsx(673,45): error TS17004: Cannot use JSX unless the '--jsx' flag is provided.
app/courses/instructor/[id]/content/page.tsx(675,43): error TS17004: Cannot use JSX unless the '--jsx' flag is provided.
app/courses/instructor/[id]/content/page.tsx(677,41): error TS17004: Cannot use JSX unless the '--jsx' flag is provided.
app/courses/instructor/[id]/content/page.tsx(678,43): error TS17004: Cannot use JSX unless the '--jsx' flag is provided.
app/courses/instructor/[id]/content/page.tsx(686,45): error TS17004: Cannot use JSX unless the '--jsx' flag is provided.
app/courses/instructor/[id]/content/page.tsx(688,43): error TS17004: Cannot use JSX unless the '--jsx' flag is provided.
app/courses/instructor/[id]/content/page.tsx(693,45): error TS17004: Cannot use JSX unless the '--jsx' flag is provided.
app/courses/instructor/[id]/content/page.tsx(695,43): error TS17004: Cannot use JSX unless the '--jsx' flag is provided.
app/courses/instructor/[id]/content/page.tsx(700,45): error TS17004: Cannot use JSX unless the '--jsx' flag is provided.
app/courses/instructor/[id]/content/page.tsx(707,39): error TS17004: Cannot use JSX unless the '--jsx' flag is provided.
app/courses/instructor/[id]/content/page.tsx(708,41): error TS17004: Cannot use JSX unless the '--jsx' flag is provided.
app/courses/instructor/[id]/content/page.tsx(713,43): error TS17004: Cannot use JSX unless the '--jsx' flag is provided.
app/courses/instructor/[id]/content/page.tsx(717,45): error TS17004: Cannot use JSX unless the '--jsx' flag is provided.
app/courses/instructor/[id]/content/page.tsx(719,49): error TS17004: Cannot use JSX unless the '--jsx' flag is provided.
app/courses/instructor/[id]/content/page.tsx(720,51): error TS17004: Cannot use JSX unless the '--jsx' flag is provided.
app/courses/instructor/[id]/content/page.tsx(721,53): error TS17004: Cannot use JSX unless the '--jsx' flag is provided.
app/courses/instructor/[id]/content/page.tsx(722,55): error TS17004: Cannot use JSX unless the '--jsx' flag is provided.
app/courses/instructor/[id]/content/page.tsx(723,57): error TS17004: Cannot use JSX unless the '--jsx' flag is provided.
app/courses/instructor/[id]/content/page.tsx(725,59): error TS17004: Cannot use JSX unless the '--jsx' flag is provided.
app/courses/instructor/[id]/content/page.tsx(726,61): error TS17004: Cannot use JSX unless the '--jsx' flag is provided.
app/courses/instructor/[id]/content/page.tsx(731,59): error TS17004: Cannot use JSX unless the '--jsx' flag is provided.
app/courses/instructor/[id]/content/page.tsx(732,61): error TS17004: Cannot use JSX unless the '--jsx' flag is provided.
app/courses/instructor/[id]/content/page.tsx(738,57): error TS17004: Cannot use JSX unless the '--jsx' flag is provided.
app/courses/instructor/[id]/content/page.tsx(741,53): error TS17004: Cannot use JSX unless the '--jsx' flag is provided.
app/courses/instructor/[id]/content/page.tsx(742,55): error TS17004: Cannot use JSX unless the '--jsx' flag is provided.
app/courses/instructor/[id]/content/page.tsx(755,57): error TS17004: Cannot use JSX unless the '--jsx' flag is provided.
app/courses/instructor/[id]/content/page.tsx(757,55): error TS17004: Cannot use JSX unless the '--jsx' flag is provided.
app/courses/instructor/[id]/content/page.tsx(762,57): error TS17004: Cannot use JSX unless the '--jsx' flag is provided.
app/courses/instructor/[id]/content/page.tsx(790,7): error TS17004: Cannot use JSX unless the '--jsx' flag is provided.
app/courses/instructor/[id]/content/page.tsx(791,9): error TS17004: Cannot use JSX unless the '--jsx' flag is provided.
app/courses/instructor/[id]/content/page.tsx(792,11): error TS17004: Cannot use JSX unless the '--jsx' flag is provided.
app/courses/instructor/[id]/content/page.tsx(793,13): error TS17004: Cannot use JSX unless the '--jsx' flag is provided.
app/courses/instructor/[id]/content/page.tsx(797,11): error TS17004: Cannot use JSX unless the '--jsx' flag is provided.
app/courses/instructor/[id]/content/page.tsx(798,13): error TS17004: Cannot use JSX unless the '--jsx' flag is provided.
app/courses/instructor/[id]/content/page.tsx(799,15): error TS17004: Cannot use JSX unless the '--jsx' flag is provided.
app/courses/instructor/[id]/content/page.tsx(800,15): error TS17004: Cannot use JSX unless the '--jsx' flag is provided.
app/courses/instructor/[id]/content/page.tsx(811,15): error TS17004: Cannot use JSX unless the '--jsx' flag is provided.
app/courses/instructor/[id]/content/page.tsx(812,17): error TS17004: Cannot use JSX unless the '--jsx' flag is provided.
app/courses/instructor/[id]/content/page.tsx(813,17): error TS17004: Cannot use JSX unless the '--jsx' flag is provided.
app/courses/instructor/[id]/content/page.tsx(825,15): error TS17004: Cannot use JSX unless the '--jsx' flag is provided.
app/courses/instructor/[id]/content/page.tsx(826,17): error TS17004: Cannot use JSX unless the '--jsx' flag is provided.
app/courses/instructor/[id]/content/page.tsx(827,17): error TS17004: Cannot use JSX unless the '--jsx' flag is provided.
app/courses/instructor/[id]/content/page.tsx(828,19): error TS17004: Cannot use JSX unless the '--jsx' flag is provided.
app/courses/instructor/[id]/content/page.tsx(833,19): error TS17004: Cannot use JSX unless the '--jsx' flag is provided.
app/courses/instructor/[id]/content/page.tsx(839,36): error TS17004: Cannot use JSX unless the '--jsx' flag is provided.
app/courses/instructor/[id]/content/page.tsx(839,83): error TS17004: Cannot use JSX unless the '--jsx' flag is provided.
app/courses/instructor/[id]/content/page.tsx(846,15): error TS17004: Cannot use JSX unless the '--jsx' flag is provided.
app/courses/instructor/[id]/content/page.tsx(847,17): error TS17004: Cannot use JSX unless the '--jsx' flag is provided.
app/courses/instructor/[id]/content/page.tsx(848,19): error TS17004: Cannot use JSX unless the '--jsx' flag is provided.
app/courses/instructor/[id]/content/page.tsx(849,19): error TS17004: Cannot use JSX unless the '--jsx' flag is provided.
app/courses/instructor/[id]/content/page.tsx(865,21): error TS17004: Cannot use JSX unless the '--jsx' flag is provided.
app/courses/instructor/[id]/content/page.tsx(866,23): error TS17004: Cannot use JSX unless the '--jsx' flag is provided.
app/courses/instructor/[id]/content/page.tsx(868,21): error TS17004: Cannot use JSX unless the '--jsx' flag is provided.
app/courses/instructor/[id]/content/page.tsx(869,23): error TS17004: Cannot use JSX unless the '--jsx' flag is provided.
app/courses/instructor/[id]/content/page.tsx(870,23): error TS17004: Cannot use JSX unless the '--jsx' flag is provided.
app/courses/instructor/[id]/content/page.tsx(871,23): error TS17004: Cannot use JSX unless the '--jsx' flag is provided.
app/courses/instructor/[id]/content/page.tsx(872,23): error TS17004: Cannot use JSX unless the '--jsx' flag is provided.
app/courses/instructor/[id]/content/page.tsx(877,17): error TS17004: Cannot use JSX unless the '--jsx' flag is provided.
app/courses/instructor/[id]/content/page.tsx(878,19): error TS17004: Cannot use JSX unless the '--jsx' flag is provided.
app/courses/instructor/[id]/content/page.tsx(879,21): error TS17004: Cannot use JSX unless the '--jsx' flag is provided.
app/courses/instructor/[id]/content/page.tsx(880,21): error TS17004: Cannot use JSX unless the '--jsx' flag is provided.
app/courses/instructor/[id]/content/page.tsx(881,67): error TS17004: Cannot use JSX unless the '--jsx' flag is provided.
app/courses/instructor/[id]/content/page.tsx(882,21): error TS17004: Cannot use JSX unless the '--jsx' flag is provided.
app/courses/instructor/[id]/content/page.tsx(885,19): error TS17004: Cannot use JSX unless the '--jsx' flag is provided.
app/courses/instructor/[id]/content/page.tsx(886,21): error TS17004: Cannot use JSX unless the '--jsx' flag is provided.
app/courses/instructor/[id]/content/page.tsx(887,23): error TS17004: Cannot use JSX unless the '--jsx' flag is provided.
app/courses/instructor/[id]/content/page.tsx(888,23): error TS17004: Cannot use JSX unless the '--jsx' flag is provided.
app/courses/instructor/[id]/content/page.tsx(901,19): error TS17004: Cannot use JSX unless the '--jsx' flag is provided.
app/courses/instructor/[id]/content/page.tsx(903,23): error TS17004: Cannot use JSX unless the '--jsx' flag is provided.
app/courses/instructor/[id]/content/page.tsx(904,25): error TS17004: Cannot use JSX unless the '--jsx' flag is provided.
app/courses/instructor/[id]/content/page.tsx(905,25): error TS17004: Cannot use JSX unless the '--jsx' flag is provided.
app/courses/instructor/[id]/content/page.tsx(915,27): error TS17004: Cannot use JSX unless the '--jsx' flag is provided.
app/courses/instructor/[id]/content/page.tsx(916,29): error TS17004: Cannot use JSX unless the '--jsx' flag is provided.
app/courses/instructor/[id]/content/page.tsx(927,21): error TS17004: Cannot use JSX unless the '--jsx' flag is provided.
app/courses/instructor/[id]/content/page.tsx(928,23): error TS17004: Cannot use JSX unless the '--jsx' flag is provided.
app/courses/instructor/[id]/content/page.tsx(929,23): error TS17004: Cannot use JSX unless the '--jsx' flag is provided.
app/courses/instructor/[id]/content/page.tsx(930,25): error TS17004: Cannot use JSX unless the '--jsx' flag is provided.
app/courses/instructor/[id]/content/page.tsx(935,25): error TS17004: Cannot use JSX unless the '--jsx' flag is provided.
app/courses/instructor/[id]/content/page.tsx(941,42): error TS17004: Cannot use JSX unless the '--jsx' flag is provided.
app/courses/instructor/[id]/content/page.tsx(941,89): error TS17004: Cannot use JSX unless the '--jsx' flag is provided.
app/courses/instructor/[id]/content/page.tsx(945,25): error TS17004: Cannot use JSX unless the '--jsx' flag is provided.
app/courses/instructor/[id]/content/page.tsx(954,19): error TS17004: Cannot use JSX unless the '--jsx' flag is provided.
app/courses/instructor/[id]/content/page.tsx(955,21): error TS17004: Cannot use JSX unless the '--jsx' flag is provided.
app/courses/instructor/[id]/content/page.tsx(956,23): error TS17004: Cannot use JSX unless the '--jsx' flag is provided.
app/courses/instructor/[id]/content/page.tsx(957,23): error TS17004: Cannot use JSX unless the '--jsx' flag is provided.
app/courses/instructor/[id]/content/page.tsx(970,21): error TS17004: Cannot use JSX unless the '--jsx' flag is provided.
app/courses/instructor/[id]/content/page.tsx(971,23): error TS17004: Cannot use JSX unless the '--jsx' flag is provided.
app/courses/instructor/[id]/content/page.tsx(972,25): error TS17004: Cannot use JSX unless the '--jsx' flag is provided.
app/courses/instructor/[id]/content/page.tsx(973,27): error TS17004: Cannot use JSX unless the '--jsx' flag is provided.
app/courses/instructor/[id]/content/page.tsx(974,27): error TS17004: Cannot use JSX unless the '--jsx' flag is provided.
app/courses/instructor/[id]/content/page.tsx(976,25): error TS17004: Cannot use JSX unless the '--jsx' flag is provided.
app/courses/instructor/[id]/content/page.tsx(977,27): error TS17004: Cannot use JSX unless the '--jsx' flag is provided.
app/courses/instructor/[id]/content/page.tsx(978,29): error TS17004: Cannot use JSX unless the '--jsx' flag is provided.
app/courses/instructor/[id]/content/page.tsx(981,27): error TS17004: Cannot use JSX unless the '--jsx' flag is provided.
app/courses/instructor/[id]/content/page.tsx(1000,29): error TS17004: Cannot use JSX unless the '--jsx' flag is provided.
app/courses/instructor/[id]/content/page.tsx(1006,23): error TS17004: Cannot use JSX unless the '--jsx' flag is provided.
app/courses/instructor/[id]/content/page.tsx(1008,27): error TS17004: Cannot use JSX unless the '--jsx' flag is provided.
app/courses/instructor/[id]/content/page.tsx(1009,29): error TS17004: Cannot use JSX unless the '--jsx' flag is provided.
app/courses/instructor/[id]/content/page.tsx(1013,27): error TS17004: Cannot use JSX unless the '--jsx' flag is provided.
app/courses/instructor/[id]/content/page.tsx(1014,29): error TS17004: Cannot use JSX unless the '--jsx' flag is provided.
app/courses/instructor/[id]/content/page.tsx(1026,31): error TS17004: Cannot use JSX unless the '--jsx' flag is provided.
app/courses/instructor/[id]/content/page.tsx(1029,29): error TS17004: Cannot use JSX unless the '--jsx' flag is provided.
app/courses/instructor/[id]/content/page.tsx(1030,31): error TS17004: Cannot use JSX unless the '--jsx' flag is provided.
app/courses/instructor/[id]/content/page.tsx(1031,31): error TS17004: Cannot use JSX unless the '--jsx' flag is provided.
app/courses/instructor/[id]/content/page.tsx(1047,29): error TS17004: Cannot use JSX unless the '--jsx' flag is provided.
app/courses/instructor/[id]/content/page.tsx(1048,31): error TS17004: Cannot use JSX unless the '--jsx' flag is provided.
app/courses/instructor/[id]/content/page.tsx(1049,33): error TS17004: Cannot use JSX unless the '--jsx' flag is provided.
app/courses/instructor/[id]/content/page.tsx(1051,35): error TS17004: Cannot use JSX unless the '--jsx' flag is provided.
app/courses/instructor/[id]/content/page.tsx(1052,37): error TS17004: Cannot use JSX unless the '--jsx' flag is provided.
app/courses/instructor/[id]/content/page.tsx(1072,37): error TS17004: Cannot use JSX unless the '--jsx' flag is provided.
app/courses/instructor/[id]/content/page.tsx(1092,73): error TS17004: Cannot use JSX unless the '--jsx' flag is provided.
app/courses/instructor/[id]/content/page.tsx(1092,105): error TS17004: Cannot use JSX unless the '--jsx' flag is provided.
app/courses/instructor/[id]/content/page.tsx(1094,37): error TS17004: Cannot use JSX unless the '--jsx' flag is provided.
app/courses/instructor/[id]/content/page.tsx(1111,39): error TS17004: Cannot use JSX unless the '--jsx' flag is provided.
app/courses/instructor/[id]/content/page.tsx(1115,33): error TS17004: Cannot use JSX unless the '--jsx' flag is provided.
app/courses/instructor/[id]/content/page.tsx(1130,35): error TS17004: Cannot use JSX unless the '--jsx' flag is provided.
app/courses/instructor/[id]/content/page.tsx(1133,31): error TS17004: Cannot use JSX unless the '--jsx' flag is provided.
app/courses/instructor/[id]/content/page.tsx(1134,33): error TS17004: Cannot use JSX unless the '--jsx' flag is provided.
app/courses/instructor/[id]/content/page.tsx(1135,33): error TS17004: Cannot use JSX unless the '--jsx' flag is provided.
app/courses/instructor/[id]/content/page.tsx(1161,15): error TS17004: Cannot use JSX unless the '--jsx' flag is provided.
app/courses/instructor/[id]/content/page.tsx(1162,17): error TS17004: Cannot use JSX unless the '--jsx' flag is provided.
app/courses/instructor/[id]/content/page.tsx(1163,17): error TS17004: Cannot use JSX unless the '--jsx' flag is provided.
app/courses/instructor/[id]/content/page.tsx(1175,13): error TS17004: Cannot use JSX unless the '--jsx' flag is provided.
app/courses/instructor/[id]/content/page.tsx(1176,15): error TS17004: Cannot use JSX unless the '--jsx' flag is provided.
app/courses/instructor/[id]/content/page.tsx(1179,15): error TS17004: Cannot use JSX unless the '--jsx' flag is provided.
node_modules/@dnd-kit/core/dist/components/DndContext/DndContext.d.ts(1,8): error TS1259: Module '"d:/Development_3rd_Feb/node_modules/@types/react/index"' can only be default-imported using the 'esModuleInterop' flag
node_modules/@dnd-kit/core/dist/components/DragOverlay/components/AnimationManager/AnimationManager.d.ts(1,8): error TS1259: Module '"d:/Development_3rd_Feb/node_modules/@types/react/index"' can only be default-imported using the 'esModuleInterop' flag
node_modules/@dnd-kit/core/dist/components/DragOverlay/components/NullifiedContextProvider/NullifiedContextProvider.d.ts(1,8): error TS1259: Module '"d:/Development_3rd_Feb/node_modules/@types/react/index"' can only be default-imported using the 'esModuleInterop' flag
node_modules/@dnd-kit/core/dist/components/DragOverlay/components/PositionedOverlay/PositionedOverlay.d.ts(1,8): error TS1259: Module '"d:/Development_3rd_Feb/node_modules/@types/react/index"' can only be default-imported using the 'esModuleInterop' flag
node_modules/@dnd-kit/core/dist/components/DragOverlay/DragOverlay.d.ts(1,8): error TS1259: Module '"d:/Development_3rd_Feb/node_modules/@types/react/index"' can only be default-imported using the 'esModuleInterop' flag
node_modules/@dnd-kit/sortable/dist/components/SortableContext.d.ts(1,8): error TS1259: Module '"d:/Development_3rd_Feb/node_modules/@types/react/index"' can only be default-imported using the 'esModuleInterop' flag
node_modules/next/dist/build/templates/app-page.d.ts(11,25): error TS2307: Cannot find module 'VAR_MODULE_GLOBAL_ERROR' or its corresponding type declarations.
node_modules/next/dist/build/webpack-config.d.ts(10,104): error TS2694: Namespace '"d:/Development_3rd_Feb/node_modules/next/dist/compiled/webpack/webpack".webpack' has no exported member 'RuleSetUseItem'.
node_modules/next/dist/build/webpack/loaders/next-app-loader/index.d.ts(1,13): error TS2613: Module '"d:/Development_3rd_Feb/node_modules/next/dist/compiled/webpack/webpack"' has no default export. Did you mean to use 'import { webpack } from "d:/Development_3rd_Feb/node_modules/next/dist/compiled/webpack/webpack"' instead?
node_modules/next/dist/client/components/error-boundary.d.ts(1,8): error TS1259: Module '"d:/Development_3rd_Feb/node_modules/@types/react/index"' can only be default-imported using the 'esModuleInterop' flag
node_modules/next/dist/client/components/http-access-fallback/error-boundary.d.ts(11,8): error TS1259: Module '"d:/Development_3rd_Feb/node_modules/@types/react/index"' can only be default-imported using the 'esModuleInterop' flag
node_modules/next/dist/client/components/layout-router.d.ts(2,8): error TS1259: Module '"d:/Development_3rd_Feb/node_modules/@types/react/index"' can only be default-imported using the 'esModuleInterop' flag
node_modules/next/dist/client/with-router.d.ts(1,8): error TS1259: Module '"d:/Development_3rd_Feb/node_modules/@types/react/index"' can only be default-imported using the 'esModuleInterop' flag
node_modules/next/dist/lib/metadata/metadata.d.ts(1,8): error TS1259: Module '"d:/Development_3rd_Feb/node_modules/@types/react/index"' can only be default-imported using the 'esModuleInterop' flag
node_modules/next/dist/next-devtools/dev-overlay/shared.d.ts(181,20): error TS2694: Namespace 'React' has no exported member 'ActionDispatch'.
node_modules/next/dist/next-devtools/userspace/pages/pages-dev-overlay-setup.d.ts(1,8): error TS1259: Module '"d:/Development_3rd_Feb/node_modules/@types/react/index"' can only be default-imported using the 'esModuleInterop' flag
node_modules/next/dist/server/app-render/entry-base.d.ts(1,114): error TS2307: Cannot find module 'react-server-dom-webpack/server' or its corresponding type declarations.
node_modules/next/dist/server/app-render/entry-base.d.ts(2,49): error TS2307: Cannot find module 'react-server-dom-webpack/static' or its corresponding type declarations.
node_modules/next/dist/server/route-modules/app-page/vendored/rsc/entrypoints.d.ts(5,39): error TS2307: Cannot find module 'react/compiler-runtime' or its corresponding type declarations.
node_modules/next/dist/server/route-modules/app-page/vendored/ssr/entrypoints.d.ts(5,39): error TS2307: Cannot find module 'react/compiler-runtime' or its corresponding type declarations.
node_modules/next/dist/shared/lib/amp-context.shared-runtime.d.ts(1,8): error TS1259: Module '"d:/Development_3rd_Feb/node_modules/@types/react/index"' can only be default-imported using the 'esModuleInterop' flag
node_modules/next/dist/shared/lib/app-router-context.shared-runtime.d.ts(4,8): error TS1259: Module '"d:/Development_3rd_Feb/node_modules/@types/react/index"' can only be default-imported using the 'esModuleInterop' flag
node_modules/next/dist/shared/lib/head-manager-context.shared-runtime.d.ts(1,8): error TS1259: Module '"d:/Development_3rd_Feb/node_modules/@types/react/index"' can only be default-imported using the 'esModuleInterop' flag
node_modules/next/dist/shared/lib/image-config-context.shared-runtime.d.ts(1,8): error TS1259: Module '"d:/Development_3rd_Feb/node_modules/@types/react/index"' can only be default-imported using the 'esModuleInterop' flag
node_modules/next/dist/shared/lib/loadable-context.shared-runtime.d.ts(1,8): error TS1259: Module '"d:/Development_3rd_Feb/node_modules/@types/react/index"' can only be default-imported using the 'esModuleInterop' flag
node_modules/next/dist/shared/lib/loadable.shared-runtime.d.ts(21,8): error TS1259: Module '"d:/Development_3rd_Feb/node_modules/@types/react/index"' can only be default-imported using the 'esModuleInterop' flag
node_modules/next/dist/shared/lib/router-context.shared-runtime.d.ts(1,8): error TS1259: Module '"d:/Development_3rd_Feb/node_modules/@types/react/index"' can only be default-imported using the 'esModuleInterop' flag
node_modules/next/dist/shared/lib/server-inserted-html.shared-runtime.d.ts(1,8): error TS1259: Module '"d:/Development_3rd_Feb/node_modules/@types/react/index"' can only be default-imported using the 'esModuleInterop' flag
node_modules/next/dist/shared/lib/utils.d.ts(10,13): error TS1192: Module '"fs"' has no default export.
node_modules/next/dist/types.d.ts(8,13): error TS1259: Module '"d:/Development_3rd_Feb/node_modules/@types/react/index"' can only be default-imported using the 'esModuleInterop' flag
